Name:   clustertask-justname

Input Resources

 No input resources

Output Resources

 No output resources

Params

 No params

Results

 No results

Steps

 No steps

Taskruns

 No taskruns
