NAME   AGE
ctb1   2 minutes ago
ctb2   30 seconds ago
ctb3   1 week ago
ctb4   ---
