apiVersion: tekton.dev/v1
kind: TaskRun
metadata:
  annotations:
    tekton.dev/v1beta1Resources: '{}'
  creationTimestamp: null
  generateName: task-1-run-
  namespace: ns
spec:
  serviceAccountName: svc1
  taskRef:
    name: task-1
status:
  podName: ""
