Name:        task
Namespace:   ns-2

Input Resources

 No input resources

Output Resources

 No output resources

Params

 No params

Results

 No results

Workspaces

 No workspaces

Steps

 No steps

Taskruns

 No taskruns
