Name:        task-1
Namespace:   ns

Input Resources

 No input resources

Output Resources

 No output resources

Params

 NAME      TYPE     DEFAULT VALUE
 myarg     string   
 myprint   string   
 myarray   array    

Steps

 No steps

Taskruns

 No taskruns
