Name:          task-1
Namespace:     ns
Description:   a test description

Steps

 hello
