Name:          task-1
Namespace:     ns
Description:   a test description
Version:       0.1
Annotations:
 tekton.dev/v1beta1Resources={"inputs":[{"name":"my-repo","type":"git"},{"name":"my-image","type":"image"},{"name":"source-repo","type":"git"}],"outputs":[{"name":"code-image","type":"image"},{"name":"artifact-image","type":"image"}]}

Params

 NAME      TYPE     DESCRIPTION   DEFAULT VALUE
 myarg     string                 ---
 myarray   array                  ---
 print     string                 somethingdifferent
 output    array                  [booms booms booms]

Steps

 hello
 exit

Taskruns

NAME   STARTED          DURATION   STATUS
tr-2   10 minutes ago   7m0s       Succeeded
tr-1   20 minutes ago   5m0s       Failed

