You are running the latest version (v0.0.10) of Tekton CLI
