NAME   AGE
tb1    2 minutes ago
tb2    30 seconds ago
tb3    1 week ago
tb4    ---
