Failed to list conditions from ns namespace 
Error: test error
