Error: failed to get triggertemplate bar from ns namespace: triggertemplates.triggers.tekton.dev "bar" not found
