apiVersion: triggers.tekton.dev/v1beta1
kind: TriggerTemplate
metadata:
  creationTimestamp: null
  name: tt1
  namespace: ns
spec:
  params:
  - default: value
    description: test with one param
    name: key
  resourcetemplates:
  - apiVersion: tekton.dev/v1alpha1
    kind: PipelineRun
    metadata:
      creationTimestamp: null
      generateName: ex2
    spec: {}
    status: {}
status: {}
