NAME       TYPE         DETAILS
my-cloud   cloudEvent   targetURI: http://localhost:8080
