NAME             TYPE          DETAILS
my-pullrequest   pullRequest   url: https://github.com/tektoncd/pipeline/pull/100
