NAME         TYPE      DETAILS
my-cluster   cluster   url: https://1.1.1.1
