Name:           pipeline-run
Namespace:      ns
Pipeline Ref:   pipeline

Status

STARTED          DURATION     STATUS
10 minutes ago   15 minutes   Succeeded

Resources

 No resources

Params

 No params

Taskruns

 NAME   TASK NAME   STARTED         DURATION    STATUS
 tr-2   t-2         5 minutes ago   4 minutes   Succeeded
 tr-1   t-1         8 minutes ago   3 minutes   Succeeded
