NAME    STARTED       DURATION   STATUS   
pr3-1   ---           ---        ---      
pr2-2   2 hours ago   1 minute   Failed   
