NAME    STARTED          DURATION   STATUS      
pr1-1   59 minutes ago   1 minute   Succeeded   
