Client version: dev
Pipeline version: v0.10.0
Triggers version: v0.5.0
Dashboard version: v0.7.0
