Name:        tr-1
Namespace:   ns
Task Ref:    t1
Labels:
 tekton.dev/task=t1

Status

STARTED          DURATION    STATUS
20 minutes ago   5 minutes   Succeeded

Input Resources

 No input resources

Output Resources

 No output resources

Params

 No params

Results

 No results

Workspaces

 No workspaces

Steps

No steps

Sidecars

No sidecars
