NAME    STARTED      DURATION   STATUS
tr1-1   1 hour ago   1 minute   Succeeded
