Name:        tr-custom-timeout
Namespace:   ns
Timeout:     1m0s

Status

STARTED    DURATION    STATUS
---        ---         ---

Input Resources

 No input resources

Output Resources

 No output resources

Params

 No params

Results

 No results

Workspaces

 No workspaces

Steps

No steps

Sidecars

No sidecars
