NAMESPACE   NAME    STARTED   DURATION   STATUS
lacher      tr4-2   ---       ---        Succeeded
tout        tr4-1   ---       ---        Succeeded
