apiVersion: tekton.dev/v1beta1
kind: PipelineRun
metadata:
  creationTimestamp: null
  generateName: test-pipeline-run-
  labels:
    jemange: desfrites
  namespace: ns
spec:
  params:
  - name: pipeline-param
    value: value1
  pipelineRef:
    name: test-pipeline
  podTemplate:
    ImagePullSecrets: null
    hostNetwork: false
    schedulerName: SchedulerName
    securityContext:
      runAsNonRoot: true
      runAsUser: 1001
  resources:
  - name: source
    resourceRef:
      name: scaffold-git
  serviceAccountName: svc1
status: {}
