Name:        pipeline
Namespace:   ns

Tasks

 NAME   TASKREF    RUNAFTER   TIMEOUT   PARAMS
 task   EMBEDDED              ---       ---
