Name:          pipeline
Namespace:     ns
Description:   a test description

Resources

 No resources

Params

 No params

Results

 No results

Workspaces

 No workspaces

Tasks

 NAME   TASKREF   RUNAFTER   TIMEOUT     CONDITIONS   PARAMS
 task   taskref   one, two   5 minutes   ---          task-param: value

PipelineRuns

 NAME             STARTED          DURATION     STATUS
 pipeline-run-1   15 minutes ago   10 minutes   Succeeded
