Name:        pipeline
Namespace:   ns

Resources

 No resources

Params

 No params

Tasks

 No tasks

PipelineRuns

 No pipelineruns
