{
	"kind": "PipelineRun",
	"apiVersion": "tekton.dev/v1beta1",
	"metadata": {
		"generateName": "test-pipeline-run-",
		"namespace": "ns",
		"creationTimestamp": null
	},
	"spec": {
		"pipelineSpec": {
			"resources": [
				{
					"name": "source-repo",
					"type": "git"
				},
				{
					"name": "web-image",
					"type": "image"
				}
			],
			"tasks": [
				{
					"name": "build-skaffold-web",
					"taskRef": {
						"name": "build-docker-image-from-git-source"
					},
					"resources": {
						"inputs": [
							{
								"name": "docker-source",
								"resource": "source-repo"
							}
						],
						"outputs": [
							{
								"name": "builtImage",
								"resource": "web-image"
							}
						]
					},
					"params": [
						{
							"name": "pathToDockerFile",
							"value": "Dockerfile"
						},
						{
							"name": "pathToContext",
							"value": "/workspace/docker-source/examples/microservices/leeroy-web"
						}
					]
				},
				{
					"name": "deploy-web",
					"taskRef": {
						"name": "deploy-using-kubectl"
					},
					"resources": {
						"inputs": [
							{
								"name": "source",
								"resource": "source-repo"
							},
							{
								"name": "image",
								"resource": "web-image",
								"from": [
									"build-skaffold-web"
								]
							}
						]
					},
					"params": [
						{
							"name": "path",
							"value": "/workspace/source/examples/microservices/leeroy-web/kubernetes/deployment.yaml"
						},
						{
							"name": "yamlPathToImage",
							"value": "spec.template.spec.containers[0].image"
						}
					]
				}
			]
		},
		"resources": [
			{
				"name": "source-repo",
				"resourceRef": {
					"name": "scaffold-git"
				}
			},
			{
				"name": "web-image",
				"resourceRef": {
					"name": "imageres"
				}
			}
		]
	},
	"status": {}
}
