Name:        pipeline
Namespace:   ns
Annotations:
 tekton.dev/v1beta1Resources=[{"name":"name","type":"git"}]

Results

 NAME       DESCRIPTION
 result-1   This is a descripti...
 result-2   This is a descripti...
 result-3   

Tasks

 NAME     TASKREF   RUNAFTER   TIMEOUT   PARAMS
 task-1   task-1               ---       ---
 task-2   task-2               ---       ---
