Name:                    test-1
Namespace:               test-ns-1
PipelineResource Type:   image

Params

 NAME   VALUE
 URL    quay.io/tekton/controller
 TAG    latest

Secret Params

 FIELDNAME     SECRETNAME
 githubToken   github-secrets
